Copyright 1986-2016 Xilinx, Inc. All Rights Reserved.
---------------------------------------------------------------------------------------------------------------------------------------------
| Tool Version : Vivado v.2016.2 (win64) Build 1577090 Thu Jun  2 16:32:40 MDT 2016
| Date         : Tue Nov 28 21:12:30 2017
| Host         : wu-T430s running 64-bit Service Pack 1  (build 7601)
| Command      : report_utilization -file axi_tdma_ath9k_middleware_utilization_synth.rpt -pb axi_tdma_ath9k_middleware_utilization_synth.pb
| Design       : axi_tdma_ath9k_middleware
| Device       : 7z015clg485-1
| Design State : Synthesized
---------------------------------------------------------------------------------------------------------------------------------------------

Utilization Design Information

Table of Contents
-----------------
1. Slice Logic
1.1 Summary of Registers by Type
2. Memory
3. DSP
4. IO and GT Specific
5. Clocking
6. Specific Feature
7. Primitives
8. Black Boxes
9. Instantiated Netlists

1. Slice Logic
--------------

+----------------------------+------+-------+-----------+-------+
|          Site Type         | Used | Fixed | Available | Util% |
+----------------------------+------+-------+-----------+-------+
| Slice LUTs*                | 4956 |     0 |     46200 | 10.73 |
|   LUT as Logic             | 4951 |     0 |     46200 | 10.72 |
|   LUT as Memory            |    5 |     0 |     14400 |  0.03 |
|     LUT as Distributed RAM |    0 |     0 |           |       |
|     LUT as Shift Register  |    5 |     0 |           |       |
| Slice Registers            | 3533 |     0 |     92400 |  3.82 |
|   Register as Flip Flop    | 3533 |     0 |     92400 |  3.82 |
|   Register as Latch        |    0 |     0 |     92400 |  0.00 |
| F7 Muxes                   |    2 |     0 |     23100 | <0.01 |
| F8 Muxes                   |    0 |     0 |     11550 |  0.00 |
+----------------------------+------+-------+-----------+-------+
* Warning! The Final LUT count, after physical optimizations and full implementation, is typically lower. Run opt_design after synthesis, if not already completed, for a more realistic count.


1.1 Summary of Registers by Type
--------------------------------

+-------+--------------+-------------+--------------+
| Total | Clock Enable | Synchronous | Asynchronous |
+-------+--------------+-------------+--------------+
| 0     |            _ |           - |            - |
| 0     |            _ |           - |          Set |
| 0     |            _ |           - |        Reset |
| 0     |            _ |         Set |            - |
| 0     |            _ |       Reset |            - |
| 0     |          Yes |           - |            - |
| 0     |          Yes |           - |          Set |
| 3     |          Yes |           - |        Reset |
| 40    |          Yes |         Set |            - |
| 3490  |          Yes |       Reset |            - |
+-------+--------------+-------------+--------------+


2. Memory
---------

+-------------------+------+-------+-----------+-------+
|     Site Type     | Used | Fixed | Available | Util% |
+-------------------+------+-------+-----------+-------+
| Block RAM Tile    |    2 |     0 |        95 |  2.11 |
|   RAMB36/FIFO*    |    2 |     0 |        95 |  2.11 |
|     RAMB36E1 only |    2 |       |           |       |
|   RAMB18          |    0 |     0 |       190 |  0.00 |
+-------------------+------+-------+-----------+-------+
* Note: Each Block RAM Tile only has one FIFO logic available and therefore can accommodate only one FIFO36E1 or one FIFO18E1. However, if a FIFO18E1 occupies a Block RAM Tile, that tile can still accommodate a RAMB18E1


3. DSP
------

+-----------+------+-------+-----------+-------+
| Site Type | Used | Fixed | Available | Util% |
+-----------+------+-------+-----------+-------+
| DSPs      |    0 |     0 |       160 |  0.00 |
+-----------+------+-------+-----------+-------+


4. IO and GT Specific
---------------------

+-----------------------------+------+-------+-----------+--------+
|          Site Type          | Used | Fixed | Available |  Util% |
+-----------------------------+------+-------+-----------+--------+
| Bonded IOB                  |  469 |     0 |       150 | 312.67 |
| Bonded IPADs                |    0 |     0 |        14 |   0.00 |
| Bonded OPADs                |    0 |     0 |         8 |   0.00 |
| Bonded IOPADs               |    0 |     0 |       130 |   0.00 |
| PHY_CONTROL                 |    0 |     0 |         3 |   0.00 |
| PHASER_REF                  |    0 |     0 |         3 |   0.00 |
| OUT_FIFO                    |    0 |     0 |        12 |   0.00 |
| IN_FIFO                     |    0 |     0 |        12 |   0.00 |
| IDELAYCTRL                  |    0 |     0 |         3 |   0.00 |
| IBUFDS                      |    0 |     0 |       144 |   0.00 |
| GTPE2_CHANNEL               |    0 |     0 |         4 |   0.00 |
| PHASER_OUT/PHASER_OUT_PHY   |    0 |     0 |        12 |   0.00 |
| PHASER_IN/PHASER_IN_PHY     |    0 |     0 |        12 |   0.00 |
| IDELAYE2/IDELAYE2_FINEDELAY |    0 |     0 |       150 |   0.00 |
| IBUFDS_GTE2                 |    0 |     0 |         2 |   0.00 |
| ILOGIC                      |    0 |     0 |       150 |   0.00 |
| OLOGIC                      |    0 |     0 |       150 |   0.00 |
+-----------------------------+------+-------+-----------+--------+


5. Clocking
-----------

+------------+------+-------+-----------+-------+
|  Site Type | Used | Fixed | Available | Util% |
+------------+------+-------+-----------+-------+
| BUFGCTRL   |    2 |     0 |        32 |  6.25 |
| BUFIO      |    0 |     0 |        12 |  0.00 |
| MMCME2_ADV |    0 |     0 |         3 |  0.00 |
| PLLE2_ADV  |    0 |     0 |         3 |  0.00 |
| BUFMRCE    |    0 |     0 |         6 |  0.00 |
| BUFHCE     |    0 |     0 |        72 |  0.00 |
| BUFR       |    0 |     0 |        12 |  0.00 |
+------------+------+-------+-----------+-------+


6. Specific Feature
-------------------

+-------------+------+-------+-----------+-------+
|  Site Type  | Used | Fixed | Available | Util% |
+-------------+------+-------+-----------+-------+
| BSCANE2     |    0 |     0 |         4 |  0.00 |
| CAPTUREE2   |    0 |     0 |         1 |  0.00 |
| DNA_PORT    |    0 |     0 |         1 |  0.00 |
| EFUSE_USR   |    0 |     0 |         1 |  0.00 |
| FRAME_ECCE2 |    0 |     0 |         1 |  0.00 |
| ICAPE2      |    0 |     0 |         2 |  0.00 |
| PCIE_2_1    |    0 |     0 |         1 |  0.00 |
| STARTUPE2   |    0 |     0 |         1 |  0.00 |
| XADC        |    0 |     0 |         1 |  0.00 |
+-------------+------+-------+-----------+-------+


7. Primitives
-------------

+----------+------+---------------------+
| Ref Name | Used | Functional Category |
+----------+------+---------------------+
| FDRE     | 3490 |        Flop & Latch |
| LUT6     | 3352 |                 LUT |
| LUT5     |  821 |                 LUT |
| LUT2     |  809 |                 LUT |
| LUT4     |  497 |                 LUT |
| LUT3     |  428 |                 LUT |
| OBUF     |  354 |                  IO |
| IBUF     |   94 |                  IO |
| FDSE     |   40 |        Flop & Latch |
| CARRY4   |   37 |          CarryLogic |
| OBUFT    |   21 |                  IO |
| LUT1     |   18 |                 LUT |
| SRL16E   |    5 |  Distributed Memory |
| FDCE     |    3 |        Flop & Latch |
| RAMB36E1 |    2 |        Block Memory |
| MUXF7    |    2 |               MuxFx |
| BUFG     |    2 |               Clock |
+----------+------+---------------------+


8. Black Boxes
--------------

+----------+------+
| Ref Name | Used |
+----------+------+


9. Instantiated Netlists
------------------------

+----------+------+
| Ref Name | Used |
+----------+------+


